Training Device: cuda
Train Samples: 177 | Test Samples: 45

================================================================================
3D UNet Generative Radiotherapy Training Started...
================================================================================
Epoch [01/20] | Train Loss (L1): 0.2811 | Val Loss (L1): 0.1298 -> [BEST MODEL SAVED]
--------------------------------------------------------------------------------
Epoch [02/20] | Train Loss (L1): 0.1886 | Val Loss (L1): 0.0931 -> [BEST MODEL SAVED]
--------------------------------------------------------------------------------
Epoch [03/20] | Train Loss (L1): 0.1429 | Val Loss (L1): 0.0822 -> [BEST MODEL SAVED]
--------------------------------------------------------------------------------
Epoch [04/20] | Train Loss (L1): 0.1378 | Val Loss (L1): 0.0839 
--------------------------------------------------------------------------------
Epoch [05/20] | Train Loss (L1): 0.1609 | Val Loss (L1): 0.0761 -> [BEST MODEL SAVED]
--------------------------------------------------------------------------------
Epoch [06/20] | Train Loss (L1): 0.1516 | Val Loss (L1): 0.0819 
--------------------------------------------------------------------------------
Epoch [07/20] | Train Loss (L1): 0.1322 | Val Loss (L1): 0.0754 -> [BEST MODEL SAVED]
--------------------------------------------------------------------------------
Epoch [08/20] | Train Loss (L1): 0.1550 | Val Loss (L1): 0.0735 -> [BEST MODEL SAVED]
--------------------------------------------------------------------------------
Epoch [09/20] | Train Loss (L1): 0.1384 | Val Loss (L1): 0.0705 -> [BEST MODEL SAVED]
--------------------------------------------------------------------------------
Epoch [10/20] | Train Loss (L1): 0.1567 | Val Loss (L1): 0.0837 
--------------------------------------------------------------------------------
Epoch [11/20] | Train Loss (L1): 0.1514 | Val Loss (L1): 0.0687 -> [BEST MODEL SAVED]
--------------------------------------------------------------------------------
Epoch [12/20] | Train Loss (L1): 0.1456 | Val Loss (L1): 0.0723 
--------------------------------------------------------------------------------
Epoch [13/20] | Train Loss (L1): 0.1411 | Val Loss (L1): 0.0872 
--------------------------------------------------------------------------------
Epoch [14/20] | Train Loss (L1): 0.1415 | Val Loss (L1): 0.0688 
--------------------------------------------------------------------------------
Epoch [15/20] | Train Loss (L1): 0.1306 | Val Loss (L1): 0.0739 
--------------------------------------------------------------------------------
Epoch [16/20] | Train Loss (L1): 0.1269 | Val Loss (L1): 0.0709 
--------------------------------------------------------------------------------
Epoch [17/20] | Train Loss (L1): 0.1227 | Val Loss (L1): 0.0731 
--------------------------------------------------------------------------------
Epoch [18/20] | Train Loss (L1): 0.1259 | Val Loss (L1): 0.0671 -> [BEST MODEL SAVED]
--------------------------------------------------------------------------------
Epoch [19/20] | Train Loss (L1): 0.1503 | Val Loss (L1): 0.0663 -> [BEST MODEL SAVED]
--------------------------------------------------------------------------------
Epoch [20/20] | Train Loss (L1): 0.1147 | Val Loss (L1): 0.0654 -> [BEST MODEL SAVED]
--------------------------------------------------------------------------------

Training Completed! Best Validation Loss: 0.0654
Predicted NIfTI file saved to 'predictions/predicted_ctn.nii.gz' for Napari inspection.
